target -eps = -0.850651-0.525731j  (arg -2.5880)

rho = 0.808517 + 85.699348 i:  R(rho) = -0.8506508084-0.5257311121j   |R + eps| = 2.08e-14
   inert primes <=       10: R_P = -0.72431-1.00797j   |R_P - R| = 0.499
   inert primes <=      100: R_P = -1.12559-0.53126j   |R_P - R| = 0.275
   inert primes <=     1000: R_P = -0.89006-0.56251j   |R_P - R| = 0.054
   inert primes <=    10000: R_P = -0.87825-0.53183j   |R_P - R| = 0.028
   inert primes <=   100000: R_P = -0.86514-0.52516j   |R_P - R| = 0.014
   inert primes <=  1000000: R_P = -0.85352-0.52475j   |R_P - R| = 0.003
   inert primes <=  2000000: R_P = -0.85193-0.52492j   |R_P - R| = 0.002
   p   phase of chi(p) p^{-i gamma} (units of pi)   |factor|   rotation of factor (rad)
     2   -0.408                              1.284     -1.019
     3   -0.469                              1.071     -0.778
     7   -0.582                              0.903     -0.397
    13   -0.469                              1.024     -0.249
    17   -0.787                              0.853     -0.126
    23   -0.033                              1.171     -0.017
    37   -0.002                              1.114     -0.001
    43   +0.898                              0.913     +0.030

rho = 0.650830 + 114.163343 i:  R(rho) = -0.8506508084-0.5257311121j   |R + eps| = 2.12e-15
   inert primes <=       10: R_P = -0.72798-0.78728j   |R_P - R| = 0.289
   inert primes <=      100: R_P = -0.92916-0.44131j   |R_P - R| = 0.115
   inert primes <=     1000: R_P = -0.75587-0.53148j   |R_P - R| = 0.095
   inert primes <=    10000: R_P = -0.73947-0.62540j   |R_P - R| = 0.149
   inert primes <=   100000: R_P = -0.79476-0.57467j   |R_P - R| = 0.074
   inert primes <=  1000000: R_P = -0.81978-0.52568j   |R_P - R| = 0.031
   inert primes <=  2000000: R_P = -0.83594-0.54510j   |R_P - R| = 0.024
   p   phase of chi(p) p^{-i gamma} (units of pi)   |factor|   rotation of factor (rad)
     2   -0.688                              0.573     -1.059
     3   -0.423                              1.211     -0.895
     7   -0.213                              1.545     -0.363
    13   +0.291                              1.253     +0.300
    17   -0.457                              1.042     -0.311
    23   -0.442                              1.048     -0.254
    37   -0.718                              0.887     -0.148
    43   +0.821                              0.864     +0.093

rho = 0.574356 + 166.479306 i:  R(rho) = -0.8506508084-0.5257311121j   |R + eps| = 1.65e-14
   inert primes <=       10: R_P = -0.82787-0.65303j   |R_P - R| = 0.129
   inert primes <=      100: R_P = -1.26548-0.35911j   |R_P - R| = 0.447
   inert primes <=     1000: R_P = -1.04808-0.72621j   |R_P - R| = 0.281
   inert primes <=    10000: R_P = -1.00675-0.56436j   |R_P - R| = 0.161
   inert primes <=   100000: R_P = -0.94959-0.46245j   |R_P - R| = 0.117
   inert primes <=  1000000: R_P = -0.97687-0.48872j   |R_P - R| = 0.132
   inert primes <=  2000000: R_P = -0.94745-0.57261j   |R_P - R| = 0.108
   p   phase of chi(p) p^{-i gamma} (units of pi)   |factor|   rotation of factor (rad)
     2   -0.231                              2.343     -1.019
     3   -0.718                              0.559     -0.855
     7   -0.618                              0.805     -0.599
    13   -0.422                              1.112     -0.439
    17   +0.362                              1.173     +0.355
    23   -0.656                              0.858     -0.291
    37   -0.850                              0.799     -0.116
    43   +0.186                              1.212     +0.128

rho = 0.724258 + 176.702461 i:  R(rho) = -0.8506508084-0.5257311121j   |R + eps| = 3.36e-14
   inert primes <=       10: R_P = -0.33799-0.97948j   |R_P - R| = 0.685
   inert primes <=      100: R_P = -0.56257-0.49896j   |R_P - R| = 0.289
   inert primes <=     1000: R_P = -0.80723-0.53925j   |R_P - R| = 0.045
   inert primes <=    10000: R_P = -0.78932-0.49276j   |R_P - R| = 0.070
   inert primes <=   100000: R_P = -0.80569-0.53566j   |R_P - R| = 0.046
   inert primes <=  1000000: R_P = -0.82876-0.52966j   |R_P - R| = 0.022
   inert primes <=  2000000: R_P = -0.82877-0.51420j   |R_P - R| = 0.025
   p   phase of chi(p) p^{-i gamma} (units of pi)   |factor|   rotation of factor (rad)
     2   -0.487                              1.037     -1.088
     3   -0.293                              1.633     -0.734
     7   -0.950                              0.612     -0.081
    13   -0.769                              0.793     -0.210
    17   -0.857                              0.793     -0.113
    23   -0.859                              0.830     -0.089
    37   -0.600                              0.956     -0.139
    43   -0.053                              1.138     -0.022
