
sigma = 0.7
  window (200, 2000): N = 6000  mean +0.0009  sd 1.2487  quantiles -2.061 -0.876 -0.014 +0.873 +2.068
  window (2000, 5000): N = 6000  mean -0.0023  sd 1.2520  quantiles -2.118 -0.871 -0.011 +0.883 +2.062
  window (5000, 10000): N = 6000  mean +0.0004  sd 1.2450  quantiles -2.047 -0.892 +0.011 +0.871 +2.058
  model X = 30: mean +0.0020  sd 1.2056  quantiles -1.992 -0.860 +0.002 +0.865 +1.991
  model X = 100: mean +0.0044  sd 1.2259  quantiles -2.024 -0.867 +0.004 +0.877 +2.027
  model X = 1000: mean +0.0022  sd 1.2455  quantiles -2.054 -0.883 +0.003 +0.882 +2.059
  model X = inf: mean -0.0011  sd 1.2522  quantiles -2.068 -0.890 +0.002 +0.884 +2.068
  KS (200, 2000) vs (2000, 5000): D = 0.0070  p = 0.999
  KS (200, 2000) vs (5000, 10000): D = 0.0118  p = 0.795
  KS (2000, 5000) vs (5000, 10000): D = 0.0110  p = 0.861
  KS (200, 2000) vs model: X=30: D = 0.0099  X=100: D = 0.0072  X=1000: D = 0.0084  X=inf: D = 0.0096
  KS (2000, 5000) vs model: X=30: D = 0.0133  X=100: D = 0.0103  X=1000: D = 0.0078  X=inf: D = 0.0076
  KS (5000, 10000) vs model: X=30: D = 0.0105  X=100: D = 0.0080  X=1000: D = 0.0064  X=inf: D = 0.0075

sigma = 0.8   [beyond the pre-registration]
  window (200, 2000): N = 6000  mean -0.0010  sd 1.0965  quantiles -1.812 -0.778 -0.002 +0.764 +1.808
  window (2000, 5000): N = 6000  mean -0.0026  sd 1.1002  quantiles -1.849 -0.786 +0.004 +0.783 +1.830
  window (5000, 10000): N = 6000  mean +0.0005  sd 1.0953  quantiles -1.800 -0.782 +0.003 +0.784 +1.796
  model X = 30: mean +0.0018  sd 1.0802  quantiles -1.782 -0.781 +0.000 +0.782 +1.781
  model X = 100: mean +0.0042  sd 1.0953  quantiles -1.803 -0.786 +0.004 +0.791 +1.815
  model X = 1000: mean -0.0004  sd 1.1018  quantiles -1.820 -0.792 -0.001 +0.791 +1.821
  model X = inf: mean -0.0010  sd 1.1019  quantiles -1.822 -0.790 -0.003 +0.791 +1.820
  KS (200, 2000) vs (2000, 5000): D = 0.0092  p = 0.963
  KS (200, 2000) vs (5000, 10000): D = 0.0102  p = 0.916
  KS (2000, 5000) vs (5000, 10000): D = 0.0105  p = 0.895
  KS (200, 2000) vs model: X=30: D = 0.0067  X=100: D = 0.0084  X=1000: D = 0.0085  X=inf: D = 0.0083
  KS (2000, 5000) vs model: X=30: D = 0.0088  X=100: D = 0.0083  X=1000: D = 0.0073  X=inf: D = 0.0060
  KS (5000, 10000) vs model: X=30: D = 0.0065  X=100: D = 0.0089  X=1000: D = 0.0076  X=inf: D = 0.0068
