windows: 400 total, 0 with flags; in (lo, hi]: 392, flagged 0
census completeness: OK (flagged fraction 0.0000)

P1: K = 455 zeros with Re >= 0.6 in (200.0, 10000.0]
  q =   2 (inert 2): m1 = -0.679-0.017i   m1(A-train) = +0.000+0.061i
  q =   3 (inert 3): m1 = +0.648-0.026i   m1(A-train) = +0.000-0.079i
  q =   7 (inert 2): m1 = -0.474-0.009i   m1(A-train) = -0.000+0.091i
  q =  13 (inert 3): m1 = +0.313-0.006i   m1(A-train) = +0.000-0.088i
  q =  17 (inert 2): m1 = -0.262-0.019i   m1(A-train) = -0.000+0.085i
  q =  23 (inert 3): m1 = +0.267-0.024i   m1(A-train) = -0.000-0.081i
  q =  37 (inert 2): m1 = -0.140+0.016i   m1(A-train) = -0.000+0.073i
  q =  43 (inert 3): m1 = +0.179-0.008i   m1(A-train) = -0.000-0.071i
  q =  11 (split 1): m1 = -0.111+0.012i   m1(A-train) = -0.090+0.000i
  q =  19 (split 4): m1 = +0.099+0.008i   m1(A-train) = +0.084+0.000i
  q =  29 (split 4): m1 = +0.056+0.012i   m1(A-train) = +0.078+0.000i
  q =  31 (split 1): m1 = -0.066+0.008i   m1(A-train) = -0.077+0.000i
  q =  41 (split 1): m1 = -0.097-0.004i   m1(A-train) = -0.072+0.000i
  q =  59 (split 4): m1 = +0.083+0.033i   m1(A-train) = +0.066-0.000i
  q =  61 (split 1): m1 = -0.054+0.002i   m1(A-train) = -0.065-0.000i
  q =  71 (split 1): m1 = -0.075-0.024i   m1(A-train) = -0.062-0.000i
  (a) True  (b) True  (c) True  (d) True  (e) True   => P1 PASS

P2: beats in range 12573: mixed 11129, same-type 1444; parity violations 0 (theorem: 0)
  (a) mixed beats with exactly one zero: 11118/11129 = 0.99901  => True
  (b) window ends with N_f = #beats +-1: 392/392  => True; exceptions []
  (c) 2K = 1126 vs S0 - S2 - 2E = 1296 - 148 - 2*11 = 1126  => True   (S>2: 0)
  (d) zeros flanked below and above: 563/563;  zero-free same-type beats with a zero within 2 lambda: 1130/1296  => False
  P2 FAIL;   split S0 : S2 = 1296 : 148

P3:
  sigma0 = 0.6: (200,2000]: 66 in [43, 137] ok;  (2000,5000]: 138 in [96, 244] ok;  (5000,10000]: 251 in [187, 412] ok
  sigma0 = 0.65: (200,2000]: 48 in [28, 87] ok;  (2000,5000]: 107 in [62, 147] ok;  (5000,10000]: 194 in [120, 245] ok
  sigma0 = 0.7: (200,2000]: 37 in [13, 54] ok;  (2000,5000]: 71 in [34, 89] ok;  (5000,10000]: 128 in [69, 145] ok
  sigma0 = 0.8: (200,2000]: 13 in [0, 14] ok;  (2000,5000]: 18 in [3, 21] ok;  (5000,10000]: 30 in [8, 32] ok
  cells passing: 12/12  => P3 PASS

P5: Re rho histogram (zeros with Re > 1/2 in range):
  [0.50, 0.55): 36
  [0.55, 0.60): 72
  [0.60, 0.65): 106
  [0.65, 0.70): 113
  [0.70, 0.75): 91
  [0.75, 0.80): 84
  [0.80, 0.85): 40
  [0.85, 0.90): 21
  zeros with Re > 1: 0;  total zeros with Re > 1/2: 563
EXIT=0
