packet (a, w) = (12/5, 169/2): ||g||^2 = 2.39805714812, n <= 121
  archimedean part (shared)  = 10.0830481288022
  prime sum, dh             S = 5.64621213599677
  prime sum, L(s,chi5)      S = 1.79570441790977
  Q_dh  = -1.2093761431913
  Q_chi = 6.49163929298269
  difference terms at integers with a prime factor not = +-2 mod 5: 0 (must be 0)
  Q_dh - Q_chi = -2 * 3.85050771808699 = -7.70101543617399; check -9.18e-41
  largest inert-smooth contributions to Q_dh - Q_chi (n: -2 (c(n) - Lambda(n) Re chi(n)) f(log n)/sqrt(n)):
    n =    6 {2: 1, 3: 1}: -1.9554579
    n =   14 {2: 1, 7: 1}: -1.641455
    n =   21 {3: 1, 7: 1}: -1.1792959
    n =    9 {3: 2}: -0.98038367
    n =    4 {2: 2}: -0.79420909
    n =   34 {2: 1, 17: 1}: -0.73510807
    n =   46 {2: 1, 23: 1}: 0.5885772
    n =   13 {13: 1}: -0.4506
    n =   12 {2: 2, 3: 1}: -0.44248397
    n =   26 {2: 1, 13: 1}: -0.42581881
    n =   51 {3: 1, 17: 1}: -0.36471616
    n =   17 {17: 1}: -0.30739242
