33 chunks covering (200, 10000]; largest distance of a winding from an integer 1.1e-14; unresolved refinements 0

Re rho > 0.6:
  window          census |          X=30         X=100         X=300        X=1000        X=3000       X=10000      X=100000
  (200,2000]        66 |    58 ( 59.5)    80 ( 83.8)    87 (103.3)    82 (115.7)    75 (128.0)    68 (137.0)    63 (  -  )
  (2000,5000]      138 |    92 ( 99.1)   135 (139.6)   156 (172.1)   167 (192.8)   169 (213.4)   153 (228.3)   148 (  -  )
  (5000,10000]     251 |   154 (165.2)   225 (232.7)   275 (286.8)   279 (321.3)   279 (355.6)   278 (380.4)   255 (  -  )
  (200,10000]     455 |   304 (323.9)   440 (456.2)   518 (562.2)   528 (629.8)   523 (697.0)   499 (745.6)   466 (  -  )

Re rho > 0.7:
  window          census |          X=30         X=100         X=300        X=1000        X=3000       X=10000      X=100000
  (200,2000]        37 |    26 ( 23.3)    34 ( 33.2)    36 ( 38.7)    39 ( 40.8)    33 ( 43.4)    36 ( 44.3)    39 (  -  )
  (2000,5000]       71 |    39 ( 38.9)    56 ( 55.4)    63 ( 64.4)    70 ( 68.0)    74 ( 72.3)    66 ( 73.8)    67 (  -  )
  (5000,10000]     128 |    61 ( 64.8)    87 ( 92.3)   109 (107.4)   118 (113.3)   131 (120.5)   131 (123.1)   126 (  -  )
  (200,10000]     236 |   126 (126.9)   177 (181.0)   208 (210.5)   227 (222.2)   238 (236.2)   233 (241.2)   232 (  -  )

Re rho > 0.8:
  window          census |          X=30         X=100         X=300        X=1000        X=3000       X=10000      X=100000
  (200,2000]        13 |     3 (  3.3)     7 (  6.8)    11 (  7.0)    12 (  7.9)    12 (  8.1)    13 (  8.0)    13 (  -  )
  (2000,5000]       18 |     7 (  5.6)    11 ( 11.4)    14 ( 11.6)    15 ( 13.2)    15 ( 13.5)    16 ( 13.4)    18 (  -  )
  (5000,10000]      30 |     8 (  9.3)    23 ( 18.9)    23 ( 19.4)    30 ( 21.9)    29 ( 22.4)    30 ( 22.3)    30 (  -  )
  (200,10000]      61 |    18 ( 18.2)    41 ( 37.1)    48 ( 38.0)    57 ( 43.0)    56 ( 44.0)    59 ( 43.7)    61 (  -  )

Re rho > 0.85:
  window          census |          X=30         X=100         X=300        X=1000        X=3000       X=10000      X=100000
  (200,2000]         4 |     0 (  0.8)     1 (  1.3)     3 (  1.8)     4 (  2.1)     1 (  1.9)     2 (  1.9)     4 (  -  )
  (2000,5000]        8 |     0 (  1.3)     2 (  2.2)     3 (  3.0)     5 (  3.5)     8 (  3.2)     8 (  3.1)     8 (  -  )
  (5000,10000]       9 |     0 (  2.1)     5 (  3.7)     7 (  4.9)     9 (  5.8)    10 (  5.3)     9 (  5.2)     9 (  -  )
  (200,10000]      21 |     0 (  4.1)     8 (  7.3)    13 (  9.7)    18 ( 11.3)    19 ( 10.4)    19 ( 10.1)    21 (  -  )

random model at X = inf (rate x 9800): Re > 0.6: 942.6, Re > 0.7: 255.6, Re > 0.8: 48.4, Re > 0.85: 10.4
(cells: the deterministic count at the census heights and, in brackets, the random model at the same X, rate x window length; model/ has no file at X = 100000, so that column shows "-")
